---
source: crates/macros_tests/src/lib.rs
expression: static_info
---
erised :: types :: TypeInfo
